// Jest Snapshot v1, https://goo.gl/fbAQLP

exports[`should render Create correctly 1`] = `
<div>
  <p>
    Add Expense
  </p>
  <ExpenseForm
    onSubmit={[Function]}
  />
</div>
`;
