// Jest Snapshot v1, https://goo.gl/fbAQLP

exports[`should render Dashboard 1`] = `
<div>
  <Connect(ExpensesSummary) />
  <Connect(ExpenseListFilters) />
  <Connect(ExpensesList) />
</div>
`;
