// Jest Snapshot v1, https://goo.gl/fbAQLP

exports[`should render Edit correctly 1`] = `
<div>
  <div
    className="page-header"
  >
    <div
      className="content-container"
    >
      <h2
        className="page-header__title"
      >
        Edit Expense
      </h2>
    </div>
  </div>
  <div
    className="content-container"
  >
    <ExpenseForm
      expense={
        Object {
          "amount": 195,
          "createdAt": 0,
          "description": "Gum",
          "id": "1",
          "notes": "",
        }
      }
      onSubmit={[Function]}
    />
    <button
      className="button button__remove"
      onClick={[Function]}
    >
      Remove Expense
    </button>
  </div>
</div>
`;
