// Jest Snapshot v1, https://goo.gl/fbAQLP

exports[`should render ExpensesList with empty message 1`] = `
<div>
  <h3>
    Expense List
  </h3>
  <p>
    No expense found!
  </p>
</div>
`;

exports[`should render ExpensesList with expenses 1`] = `
<div>
  <h3>
    Expense List
  </h3>
  <ExpensesListItem
    amount={195}
    createdAt={0}
    description="Gum"
    id="1"
    key="1"
    notes=""
  />
  <ExpensesListItem
    amount={109500}
    createdAt={-345600000}
    description="Rent"
    id="2"
    key="2"
    notes=""
  />
  <ExpensesListItem
    amount={4500}
    createdAt={345600000}
    description="Credit Card"
    id="3"
    key="3"
    notes=""
  />
</div>
`;
